
> build
> vite build

vite v8.2.2 building client environment for production...
transforming...
✓ 1846 modules transformed.
rendering chunks...

✗ Build failed in 11.57s
error during build:
Build failed with 1 error:

[31m[MISSING_EXPORT] [0m"default" is not exported by "src/DigitalBoostConsole.ts".
   [38;5;246m╭[0m[38;5;246m─[0m[38;5;246m[[0m src/StoreBuilderWorkspace.tsx:8:8 [38;5;246m][0m
   [38;5;246m│[0m
 [38;5;246m8 │[0m [38;5;249mi[0m[38;5;249mm[0m[38;5;249mp[0m[38;5;249mo[0m[38;5;249mr[0m[38;5;249mt[0m[38;5;249m [0mDigitalBoostConsole[38;5;249m [0m[38;5;249mf[0m[38;5;249mr[0m[38;5;249mo[0m[38;5;249mm[0m[38;5;249m [0m[38;5;249m"[0m[38;5;249m.[0m[38;5;249m/[0m[38;5;249mD[0m[38;5;249mi[0m[38;5;249mg[0m[38;5;249mi[0m[38;5;249mt[0m[38;5;249ma[0m[38;5;249ml[0m[38;5;249mB[0m[38;5;249mo[0m[38;5;249mo[0m[38;5;249ms[0m[38;5;249mt[0m[38;5;249mC[0m[38;5;249mo[0m[38;5;249mn[0m[38;5;249ms[0m[38;5;249mo[0m[38;5;249ml[0m[38;5;249me[0m[38;5;249m"[0m[38;5;249m;[0m
 [38;5;240m  │[0m        ─────────┬─────────  
 [38;5;240m  │[0m                 ╰─────────── Missing export
[38;5;246m───╯[0m

    at aggregateBindingErrorsIntoJsError (file:///data/data/com.termux/files/home/digitalboost-studio/node_modules/rolldown/dist/shared/error-HDibX49O.mjs:48:18)
    at unwrapBindingResult (file:///data/data/com.termux/files/home/digitalboost-studio/node_modules/rolldown/dist/shared/error-HDibX49O.mjs:18:128)
    at #build (file:///data/data/com.termux/files/home/digitalboost-studio/node_modules/rolldown/dist/shared/rolldown-C9Hfg50O.mjs:133:34)
    at async buildEnvironment (file:///data/data/com.termux/files/home/digitalboost-studio/node_modules/vite/dist/node/chunks/node.js:33821:66)
    at async Object.build (file:///data/data/com.termux/files/home/digitalboost-studio/node_modules/vite/dist/node/chunks/node.js:34242:19)
    at async Object.buildApp (file:///data/data/com.termux/files/home/digitalboost-studio/node_modules/vite/dist/node/chunks/node.js:34239:153)
    at async CAC.<anonymous> (file:///data/data/com.termux/files/home/digitalboost-studio/node_modules/vite/dist/node/cli.js:776:3) {
  errors: [Getter/Setter]
}
